c:\users\d010949n\documents\github\low-level-gameplay\low-level-gameplay\x64\debug\vc143.pdb
c:\users\d010949n\documents\github\low-level-gameplay\low-level-gameplay\x64\debug\vc143.idb
c:\users\d010949n\documents\github\low-level-gameplay\low-level-gameplay\x64\debug\skeleton.obj
c:\users\d010949n\documents\github\low-level-gameplay\low-level-gameplay\x64\debug\screenbounds.obj
c:\users\d010949n\documents\github\low-level-gameplay\low-level-gameplay\x64\debug\player.obj
c:\users\d010949n\documents\github\low-level-gameplay\low-level-gameplay\x64\debug\main.obj
c:\users\d010949n\documents\github\low-level-gameplay\low-level-gameplay\x64\debug\level.obj
c:\users\d010949n\documents\github\low-level-gameplay\low-level-gameplay\x64\debug\game.obj
c:\users\d010949n\documents\github\low-level-gameplay\low-level-gameplay\x64\debug\entitymanager.obj
c:\users\d010949n\documents\github\low-level-gameplay\low-level-gameplay\x64\debug\entity.obj
c:\users\d010949n\documents\github\low-level-gameplay\low-level-gameplay\x64\debug\enemy.obj
c:\users\d010949n\documents\github\low-level-gameplay\low-level-gameplay\x64\debug\collisions.obj
c:\users\d010949n\documents\github\low-level-gameplay\low-level-gameplay\x64\debug\block.obj
c:\users\d010949n\documents\github\low-level-gameplay\low-level-gameplay\x64\debug\assetmanagement.obj
c:\users\d010949n\documents\github\low-level-gameplay\low-level-gameplay\x64\debug\sphere.obj
c:\users\d010949n\documents\github\low-level-gameplay\low-level-gameplay\x64\debug\club.obj
c:\users\d010949n\documents\github\low-level-gameplay\low-level-gameplay\x64\debug\orb.obj
c:\users\d010949n\documents\github\low-level-gameplay\x64\debug\low-level-gameplay.exe
c:\users\d010949n\documents\github\low-level-gameplay\x64\debug\low-level-gameplay.pdb
c:\users\d010949n\documents\github\low-level-gameplay\low-level-gameplay\x64\debug\low-level-gameplay.ilk
c:\users\d010949n\documents\github\low-level-gameplay\low-level-gameplay\x64\debug\ball.obj
c:\users\d010949n\documents\github\low-level-gameplay\low-level-gameplay\x64\debug\entitymanager.obj.enc
c:\users\d010949n\documents\github\low-level-gameplay\low-level-gameplay\x64\debug\game.obj.enc
c:\users\d010949n\documents\github\low-level-gameplay\low-level-gameplay\x64\debug\main.obj.enc
c:\users\d010949n\documents\github\low-level-gameplay\low-level-gameplay\x64\debug\low-leve.4fa418c8.tlog\cl.command.1.tlog
c:\users\d010949n\documents\github\low-level-gameplay\low-level-gameplay\x64\debug\low-leve.4fa418c8.tlog\cl.items.tlog
c:\users\d010949n\documents\github\low-level-gameplay\low-level-gameplay\x64\debug\low-leve.4fa418c8.tlog\cl.read.1.tlog
c:\users\d010949n\documents\github\low-level-gameplay\low-level-gameplay\x64\debug\low-leve.4fa418c8.tlog\cl.write.1.tlog
c:\users\d010949n\documents\github\low-level-gameplay\low-level-gameplay\x64\debug\low-leve.4fa418c8.tlog\link.command.1.tlog
c:\users\d010949n\documents\github\low-level-gameplay\low-level-gameplay\x64\debug\low-leve.4fa418c8.tlog\link.read.1.tlog
c:\users\d010949n\documents\github\low-level-gameplay\low-level-gameplay\x64\debug\low-leve.4fa418c8.tlog\link.secondary.1.tlog
c:\users\d010949n\documents\github\low-level-gameplay\low-level-gameplay\x64\debug\low-leve.4fa418c8.tlog\link.write.1.tlog
