  block.cpp
  collisions.cpp
  enemy.cpp
  entity.cpp
  game.cpp
  level.cpp
  level.h
  main.cpp
  player.cpp
C:\Users\jamie\Documents\GitHub\low-level-gameplay\Low-Level-Gameplay\player.cpp(141,61): warning C4244: 'argument': conversion from 'float' to 'T', possible loss of data
C:\Users\jamie\Documents\GitHub\low-level-gameplay\Low-Level-Gameplay\player.cpp(141,61): warning C4244:         with
C:\Users\jamie\Documents\GitHub\low-level-gameplay\Low-Level-Gameplay\player.cpp(141,61): warning C4244:         [
C:\Users\jamie\Documents\GitHub\low-level-gameplay\Low-Level-Gameplay\player.cpp(141,61): warning C4244:             T=int
C:\Users\jamie\Documents\GitHub\low-level-gameplay\Low-Level-Gameplay\player.cpp(141,61): warning C4244:         ]
  screenbounds.cpp
x64\Release\level.obj : warning LNK4042: object specified more than once; extras ignored
  Generating code
  Previous IPDB not found, fall back to full compilation.
  All 1787 functions were compiled because no usable IPDB/IOBJ from previous compilation was found.
  Finished generating code
  Low-Level-Gameplay.vcxproj -> C:\Users\jamie\Documents\GitHub\low-level-gameplay\x64\Release\Low-Level-Gameplay.exe
